2026-09-14 21:23:40,461 ==============================================================================
2026-09-14 21:23:40,461 [g2Y72LI8] PlayAgainstMyBot (1545) vs turkjs (1647)  |  rated Standard  |  5000+3000  |  playing white
2026-09-14 21:23:40,461 ==============================================================================
2026-09-14 21:23:41,427 [g2Y72LI8] #1   White e2e4   d-     n-      nps-      eval-        1.0s
2026-09-14 21:23:42,351 [g2Y72LI8] #2   White e4d5   d-     n-      nps-      eval-        0.2s
2026-09-14 21:23:42,717 [g2Y72LI8] #3   White b1c3   d-     n-      nps-      eval-        0.0s
2026-09-14 21:24:00,539 [g2Y72LI8] #4   White f1e2   d16    n34.2M  nps3.2M   eval+0.24   17.6s
2026-09-14 21:24:17,910 [g2Y72LI8] #5   White g1f3   d16    n123.1M nps9.2M   eval+0.17   16.9s
2026-09-14 21:24:34,411 [g2Y72LI8] #6   White d2d3   d16    n136.8M nps8.5M   eval+0.52   16.2s
2026-09-14 21:24:50,294 [g2Y72LI8] #7   White e1g1   d16    n140.7M nps9.9M   eval+0.52   15.5s
2026-09-14 21:25:10,271 [g2Y72LI8] #8   White a1b1   d16    n185.0M nps12.5M  eval+1.00   14.8s
2026-09-14 21:25:15,348 [g2Y72LI8] #9   White  engine returned no move (0.6s)
2026-09-14 21:25:30,245 ==============================================================================
2026-09-14 21:25:30,245 [g2Y72LI8] PlayAgainstMyBot (1545) vs turkjs (1647)  |  rated Standard  |  5000+3000  |  playing white
2026-09-14 21:25:30,245 ==============================================================================
2026-09-14 21:25:43,718 [g2Y72LI8] #9   White c1e3   d15    n97.9M  nps7.3M   eval+1.06   13.5s
2026-09-14 21:25:59,465 [g2Y72LI8] #10  White f3g5   d16    n147.6M nps11.4M  eval+1.02   12.9s
2026-09-14 21:26:18,496 [g2Y72LI8] #11  White c3e2   d16    n31.4M  nps3.1M   eval+0.87   12.4s
2026-09-14 21:26:38,482 [g2Y72LI8] #12  White e3d2   d15    n139.8M nps11.7M  eval+0.93   11.9s
2026-09-14 21:26:59,319 [g2Y72LI8] #13  White e2c3   d15    n125.8M nps11.0M  eval+0.99   11.5s
2026-09-14 21:27:12,499 [g2Y72LI8] #14  White d1f3   d14    n72.7M  nps6.6M   eval+1.23   11.0s
2026-09-14 21:27:25,002 [g2Y72LI8] #15  White f3c6   d14    n49.5M  nps4.7M   eval+1.24   10.6s
2026-09-14 21:27:43,613 [g2Y72LI8] #16  White c3e2   d15    n113.0M nps11.1M  eval+1.13   10.2s
2026-09-14 21:27:56,032 [g2Y72LI8] #17  White f1e1   d15    n103.2M nps11.2M  eval+1.23    9.8s
2026-09-14 21:28:08,839 [g2Y72LI8] #18  White e2d4   d15    n29.7M  nps5.4M   eval+2.24    9.5s
2026-09-14 21:28:20,916 [g2Y72LI8] #19  White d4f3   d15    n29.2M  nps6.8M   eval+2.36    9.1s
2026-09-14 21:28:32,271 [g2Y72LI8] #20  White d2b4   d16    n49.4M  nps5.6M   eval+2.47    8.8s
2026-09-14 21:28:45,358 [g2Y72LI8] #21  White f3e5   d15    n27.7M  nps3.3M   eval+2.47    8.5s
2026-09-14 21:29:00,517 [g2Y72LI8] #22  White e1e5   d18    n57.5M  nps7.3M   eval+2.37    8.2s
2026-09-14 21:29:17,260 [g2Y72LI8] #23  White g5f3   d15    n50.3M  nps6.4M   eval+2.43    7.9s
2026-09-14 21:29:28,172 [g2Y72LI8] #24  White f3e5   d17    n21.0M  nps3.2M   eval+2.54    7.6s
2026-09-14 21:29:45,642 [g2Y72LI8] #25  White b2b3   d16    n77.2M  nps10.4M  eval+2.50    7.4s
2026-09-14 21:29:59,126 [g2Y72LI8] #26  White e5f3   d16    n58.4M  nps8.2M   eval+3.33    7.2s
2026-09-14 21:30:15,980 [g2Y72LI8] #27  White b1e1   d17    n88.0M  nps12.7M  eval+3.50    6.9s
2026-09-14 21:30:30,290 [g2Y72LI8] #28  White e1e5   d15    n30.0M  nps4.9M   eval+4.79    6.7s
2026-09-14 21:30:40,246 [g2Y72LI8] #29  White f3g5   d16    n29.4M  nps4.7M   eval+5.49    6.5s
2026-09-14 21:32:11,222 [g2Y72LI8] Game over: black wins (outoftime)
