2026-09-14 21:47:13,256 ==============================================================================
2026-09-14 21:47:13,256 [Lf5b2EwO] maia1 (1606) vs PlayAgainstMyBot (2645)  |  rated Standard  |  1000+1000  |  playing black
2026-09-14 21:47:13,256 ==============================================================================
2026-09-14 21:47:16,869 [Lf5b2EwO] #1   Black g8f6   d-     n-      nps-      eval-        0.7s
2026-09-14 21:47:17,262 [Lf5b2EwO] #2   Black d7d5   d-     n-      nps-      eval-        0.2s
2026-09-14 21:47:18,117 [Lf5b2EwO] #3   Black c8f5   d-     n-      nps-      eval-        0.2s
2026-09-14 21:47:22,208 [Lf5b2EwO] #4   Black e7f6   d14    n7.1M   nps3.2M   eval-0.06    3.8s
2026-09-14 21:47:26,179 [Lf5b2EwO] #5   Black b8c6   d13    n25.8M  nps7.0M   eval-0.10    3.7s
2026-09-14 21:47:32,779 [Lf5b2EwO] #6   Black f8b4   d14    n35.2M  nps9.9M   eval+0.00    3.5s
2026-09-14 21:47:36,651 [Lf5b2EwO] #7   Black b7c6   d16    n5.7M   nps2.2M   eval-0.19    3.4s
2026-09-14 21:47:40,726 [Lf5b2EwO] #8   Black b4c3   d15    n17.3M  nps5.4M   eval-0.60    3.3s
2026-09-14 21:47:47,630 [Lf5b2EwO] #9   Black d8c8   d15    n34.0M  nps10.8M  eval-0.57    3.2s
2026-09-14 21:47:53,681 [Lf5b2EwO] #10  Black c8a6   d15    n40.5M  nps13.3M  eval-0.60    3.0s
2026-09-14 21:48:01,056 [Lf5b2EwO] #11  Black f5e6   d16    n20.3M  nps6.9M   eval-0.57    2.9s
2026-09-14 21:48:05,952 [Lf5b2EwO] #12  Black e6c8   d15    n31.9M  nps14.7M  eval-0.60    2.8s
2026-09-14 21:48:12,885 [Lf5b2EwO] #13  Black a6d3   d16    n33.3M  nps12.2M  eval-0.75    2.7s
2026-09-14 21:48:15,774 [Lf5b2EwO] #14  Black e8e7   d15    n30.8M  nps11.8M  eval-0.71    2.6s
2026-09-14 21:48:26,437 [Lf5b2EwO] #15  Black c8f5   d14    n29.2M  nps11.6M  eval-0.97    2.5s
2026-09-14 21:48:34,593 [Lf5b2EwO] #16  Black d5e4   d14    n13.4M  nps7.4M   eval-0.91    2.4s
2026-09-14 21:48:41,418 [Lf5b2EwO] #17  Black f5g4   d15    n15.8M  nps6.7M   eval-0.96    2.3s
2026-09-14 21:48:47,588 [Lf5b2EwO] #18  Black g4e6   d14    n42.2M  nps18.6M  eval-0.96    2.3s
2026-09-14 21:48:52,434 [Lf5b2EwO] #19  Black h8d8   d13    n17.8M  nps9.5M   eval-0.90    2.2s
2026-09-14 21:48:56,851 [Lf5b2EwO] #20  Black f6f5   d13    n19.1M  nps14.8M  eval-0.87    2.1s
2026-09-14 21:49:01,220 [Lf5b2EwO] #21  Black a8b8   d14    n21.1M  nps11.3M  eval-0.91    2.1s
2026-09-14 21:49:04,447 [Lf5b2EwO] #22  Black b8b3   d13    n5.7M   nps4.9M   eval-0.91    2.0s
2026-09-14 21:49:10,216 [Lf5b2EwO] #23  Black b3c3   d15    n6.8M   nps4.3M   eval-2.06    2.0s
2026-09-14 21:49:16,615 [Lf5b2EwO] #24  Black d8d4   d14    n5.0M   nps4.9M   eval-2.51    1.9s
2026-09-14 21:49:21,066 [Lf5b2EwO] #25  Black e7e6   d14    n5.2M   nps6.4M   eval-3.03    1.8s
2026-09-14 21:49:23,767 [Lf5b2EwO] #26  Black d4a4   d12    n23.0M  nps12.8M  eval-3.10    1.8s
2026-09-14 21:49:27,924 [Lf5b2EwO] #27  Black c3h3   d14    n13.0M  nps7.4M   eval-5.05    1.7s
2026-09-14 21:49:31,564 [Lf5b2EwO] #28  Black e6f5   d14    n2.9M   nps3.0M   eval-5.03    1.7s
2026-09-14 21:49:35,223 [Lf5b2EwO] #29  Black h3a3   d13    n12.1M  nps7.3M   eval-5.37    1.7s
2026-09-14 21:49:39,867 [Lf5b2EwO] #30  Black a4a3   d16    n6.1M   nps5.8M   eval-4.61    1.6s
2026-09-14 21:49:41,677 [Lf5b2EwO] #31  Black f5e6   d14    n23.8M  nps15.1M  eval-5.34    1.6s
2026-09-14 21:49:45,846 [Lf5b2EwO] #32  Black a3a5   d14    n17.5M  nps11.4M  eval-5.28    1.5s
2026-09-14 21:49:49,794 [Lf5b2EwO] #33  Black a5a6   d12    n19.2M  nps12.8M  eval-5.45    1.5s
2026-09-14 21:49:51,499 [Lf5b2EwO] #34  Black g7g6   d13    n18.1M  nps12.3M  eval-5.20    1.5s
2026-09-14 21:49:54,954 [Lf5b2EwO] #35  Black c6c5   d14    n13.4M  nps9.3M   eval-4.95    1.4s
2026-09-14 21:49:59,224 [Lf5b2EwO] #36  Black a6c6   d16    n8.8M   nps8.2M   eval-4.82    1.4s
2026-09-14 21:50:03,104 [Lf5b2EwO] #37  Black e6d5   d15    n6.8M   nps5.8M   eval-5.08    1.4s
2026-09-14 21:50:06,443 [Lf5b2EwO] #38  Black a7a6   d15    n2.9M   nps4.3M   eval-5.08    1.4s
2026-09-14 21:50:10,009 [Lf5b2EwO] #39  Black d5e5   d15    n7.1M   nps5.3M   eval-5.69    1.3s
2026-09-14 21:50:13,257 [Lf5b2EwO] #40  Black c6g6   d13    n4.3M   nps3.9M   eval-5.94    1.3s
2026-09-14 21:50:16,510 [Lf5b2EwO] #41  Black g6c6   d13    n4.9M   nps6.5M   eval-5.94    1.3s
2026-09-14 21:50:19,445 [Lf5b2EwO] #42  Black c5c4   d14    n10.2M  nps8.2M   eval-7.12    1.3s
2026-09-14 21:50:22,782 [Lf5b2EwO] #43  Black c4c3   d14    n6.5M   nps5.7M   eval-9.71    1.2s
2026-09-14 21:50:25,291 [Lf5b2EwO] #44  Black c3c2   d15    n5.5M   nps6.4M   eval-10.66   1.2s
2026-09-14 21:50:27,886 [Lf5b2EwO] #45  Black c2c1q  d15    n9.3M   nps7.8M   eval-11.17   1.2s
2026-09-14 21:50:30,326 [Lf5b2EwO] #46  Black c6c1   d17    n12.1M  nps10.3M  eval-18.63   1.2s
2026-09-14 21:50:32,971 [Lf5b2EwO] #47  Black c1c3   d14    n21.2M  nps18.3M  eval-25.64   1.2s
2026-09-14 21:50:35,526 [Lf5b2EwO] #48  Black e5d4   d16    n14.6M  nps12.6M  eval-26.14   1.2s
2026-09-14 21:50:38,278 [Lf5b2EwO] #49  Black d4e4   d15    n11.5M  nps10.1M  eval-26.64   1.1s
2026-09-14 21:50:40,903 [Lf5b2EwO] #50  Black c3c4   d17    n29.1M  nps26.3M  eval#-8      1.1s
2026-09-14 21:50:43,346 [Lf5b2EwO] #51  Black c4c2   d15    n7.9M   nps7.3M   eval#-7      1.1s
2026-09-14 21:50:45,783 [Lf5b2EwO] #52  Black e4d3   d18    n20.4M  nps19.0M  eval#-6      1.1s
2026-09-14 21:50:47,924 [Lf5b2EwO] #53  Black d3e3   d16    n5.8M   nps5.5M   eval#-5      1.1s
2026-09-14 21:50:50,270 [Lf5b2EwO] #54  Black c2c3   d17    n6.8M   nps6.5M   eval#-2      1.1s
2026-09-14 21:50:52,419 [Lf5b2EwO] #55  Black c3c1   d18    n4.5M   nps4.3M   eval#-1      1.0s
2026-09-14 21:50:52,712 [Lf5b2EwO] Game over: black wins (mate)
