2026-09-15 19:56:19,970 ==============================================================================
2026-09-15 19:56:19,971 [OiiyMfih] PlayAgainstMyBot (1547) vs baby_eubos (1838)  |  rated Standard  |  5000+0  |  playing white
2026-09-15 19:56:19,971 ==============================================================================
2026-09-15 19:56:21,078 [OiiyMfih] #1   White e2e4   d-     n-      nps-      eval-        1.1s
2026-09-15 19:56:30,028 [OiiyMfih] #2   White d2d4   d-     n-      nps-      eval-        1.2s
2026-09-15 19:56:31,311 [OiiyMfih] #3   White b1c3   d-     n-      nps-      eval-        0.7s
2026-09-15 19:56:32,041 [OiiyMfih] #4   White c1g5   d-     n-      nps-      eval-        0.3s
2026-09-15 19:56:32,578 [OiiyMfih] #5   White c3e4   d-     n-      nps-      eval-        0.0s
2026-09-15 19:56:33,193 [OiiyMfih] #6   White g5f6   d-     n-      nps-      eval-        0.0s
2026-09-15 19:56:48,821 [OiiyMfih] #7   White f1c4   d9     n2.3M   nps153.7k eval+0.15   14.9s
2026-09-15 19:57:16,013 [OiiyMfih] #8   White e4c3   d11    n2.6M   nps185.5k eval+0.21   14.2s
2026-09-15 19:57:44,974 [OiiyMfih] #9   White d4d5   d9     n2.1M   nps157.1k eval+0.76   13.4s
2026-09-15 19:58:13,043 [OiiyMfih] #10  White d5e6   d11    n2.7M   nps209.9k eval+1.06   12.8s
2026-09-15 19:58:30,259 [OiiyMfih] #11  White a1d1   d12    n949.4k nps93.0k  eval+1.06   12.1s
2026-09-15 19:58:48,709 [OiiyMfih] #12  White c4e6   d13    n813.2k nps323.3k eval+1.55   11.5s
2026-09-15 19:59:06,305 [OiiyMfih] #13  White g1e2   d10    n3.1M   nps281.9k eval+1.05   10.9s
2026-09-15 19:59:23,343 [OiiyMfih] #14  White e2d4   d9     n1.7M   nps271.9k eval+1.05   10.4s
2026-09-15 19:59:45,078 [OiiyMfih] #15  White e1g1   d9     n3.3M   nps337.2k eval+1.08    9.8s
2026-09-15 20:00:07,530 [OiiyMfih] #16  White f1e1   d7     n976.6k nps140.4k eval+1.28    9.3s
2026-09-15 20:00:21,344 [OiiyMfih] #17  White d1d2   d8     n1.4M   nps169.0k eval+1.15    8.9s
2026-09-15 20:00:33,000 [OiiyMfih] #18  White e1d1   d8     n1.2M   nps146.8k eval+1.18    8.4s
2026-09-15 20:00:53,858 [OiiyMfih] #19  White d4f3   d10    n1.2M   nps148.1k eval+1.00    8.0s
2026-09-15 20:01:11,924 [OiiyMfih] #20  White f3d2   d10    n124.6k nps171.9k eval+0.87    7.6s
2026-09-15 20:01:27,974 [OiiyMfih] #21  White d2b3   d8     n1.3M   nps198.2k eval+1.65    7.2s
2026-09-15 20:01:38,627 [OiiyMfih] #22  White b3d4   d10    n858.0k nps183.7k eval+1.66    6.9s
2026-09-15 20:01:55,578 [OiiyMfih] #23  White c3e2   d9     n1.2M   nps213.0k eval+1.69    6.5s
2026-09-15 20:02:04,901 [OiiyMfih] #24  White d1e1   d9     n1.7M   nps267.9k eval+1.53    6.2s
2026-09-15 20:02:15,519 [OiiyMfih] #25  White d4f3   d11    n977.9k nps171.6k eval+1.45    5.9s
2026-09-15 20:02:30,553 [OiiyMfih] #26  White g1f1   d10    n1.4M   nps258.6k eval+1.46    5.6s
2026-09-15 20:02:40,123 [OiiyMfih] #27  White e2g3   d9     n1.2M   nps220.1k eval+2.06    5.3s
2026-09-15 20:02:47,110 [OiiyMfih] #28  White f3g5   d9     n271.9k nps109.8k eval+1.79    5.0s
2026-09-15 20:03:00,589 [OiiyMfih] #29  White g3e4   d11    n907.5k nps190.3k eval+1.63    4.8s
2026-09-15 20:03:08,069 [OiiyMfih] #30  White g5e4   d12    n571.1k nps242.1k eval+1.63    4.5s
2026-09-15 20:03:16,408 [OiiyMfih] #31  White e4f6   d10    n1.5M   nps346.9k eval+1.24    4.3s
2026-09-15 20:03:23,558 [OiiyMfih] #32  White f6h7   d11    n975.5k nps240.0k eval+1.79    4.1s
2026-09-15 20:03:34,564 [OiiyMfih] #33  White e1e8   d9     n499.8k nps138.9k eval+0.03    3.9s
2026-09-15 20:03:42,967 [OiiyMfih] #34  White f1e1   d10    n1.2M   nps324.5k eval-0.66    3.7s
2026-09-15 20:03:48,375 [OiiyMfih] #35  White e8e2   d11    n932.3k nps266.5k eval-0.79    3.5s
2026-09-15 20:03:55,029 [OiiyMfih] #36  White e1e2   d11    n409.6k nps140.4k eval-0.59    3.3s
