2026-09-14 21:54:32,859 ==============================================================================
2026-09-14 21:54:32,859 [tHtoVqfG] PlayAgainstMyBot (2647) vs maia1 (1606)  |  rated Standard  |  1000+1000  |  playing white
2026-09-14 21:54:32,859 ==============================================================================
2026-09-14 21:54:33,851 [tHtoVqfG] #1   White e2e4   d-     n-      nps-      eval-        1.0s
2026-09-14 21:54:35,516 [tHtoVqfG] #2   White g1f3   d-     n-      nps-      eval-        0.9s
2026-09-14 21:54:36,263 [tHtoVqfG] #3   White f1b5   d-     n-      nps-      eval-        0.5s
2026-09-14 21:54:36,641 [tHtoVqfG] #4   White e1g1   d-     n-      nps-      eval-        0.2s
2026-09-14 21:54:40,546 [tHtoVqfG] #5   White f3e5   d14    n37.9M  nps10.0M  eval+1.59    3.8s
2026-09-14 21:54:44,498 [tHtoVqfG] #6   White e5c6   d12    n5.3M   nps3.6M   eval+3.72    3.7s
2026-09-14 21:54:48,223 [tHtoVqfG] #7   White b5c6   d14    n6.7M   nps4.4M   eval+4.08    3.5s
2026-09-14 21:54:57,252 [tHtoVqfG] #8   White c6d5   d15    n12.0M  nps5.8M   eval+4.12    3.4s
2026-09-14 21:55:01,752 [tHtoVqfG] #9   White d1e2   d13    n12.1M  nps5.0M   eval+4.48    3.3s
2026-09-14 21:55:08,874 [tHtoVqfG] #10  White d5a8   d13    n3.4M   nps3.9M   eval+4.13    3.1s
2026-09-14 21:55:12,133 [tHtoVqfG] #11  White e2c4   d10    n9.8M   nps3.2M   eval+4.20    3.0s
2026-09-14 21:55:15,813 [tHtoVqfG] #12  White c4c7   d13    n7.0M   nps4.8M   eval+5.26    2.9s
2026-09-14 21:55:21,350 [tHtoVqfG] #13  White c7e5   d14    n6.5M   nps2.3M   eval+5.17    2.8s
2026-09-14 21:55:25,377 [tHtoVqfG] #14  White b1c3   d12    n20.6M  nps7.6M   eval+5.07    2.7s
2026-09-14 21:55:32,182 [tHtoVqfG] #15  White e5d4   d11    n3.8M   nps2.7M   eval+5.26    2.6s
2026-09-14 21:55:34,919 [tHtoVqfG] #16  White d2c3   d13    n5.7M   nps4.3M   eval+5.48    2.5s
2026-09-14 21:55:39,426 [tHtoVqfG] #17  White f2f3   d13    n5.7M   nps4.0M   eval+5.32    2.5s
2026-09-14 21:55:43,022 [tHtoVqfG] #18  White c1g5   d11    n10.3M  nps4.3M   eval+5.67    2.4s
2026-09-14 21:55:45,815 [tHtoVqfG] #19  White g1g2   d13    n1.4M   nps1.9M   eval+9.45    2.3s
2026-09-14 21:55:51,095 [tHtoVqfG] #20  White f1f3   d12    n938.3k nps2.3M   eval+12.05   2.2s
2026-09-14 21:55:56,251 [tHtoVqfG] #21  White g2f3   d14    n3.1M   nps2.5M   eval+26.28   2.2s
2026-09-14 21:56:02,733 [tHtoVqfG] #22  White g5f6   d13    n12.9M  nps6.1M   eval+36.21   2.1s
2026-09-14 21:56:07,691 [tHtoVqfG] #23  White a1g1   d12    n38.5M  nps18.8M  eval#+3      2.1s
2026-09-14 21:56:14,387 [tHtoVqfG] #24  White d4d8   d11    n58.4M  nps29.3M  eval#+1      2.0s
2026-09-14 21:56:14,551 [tHtoVqfG] Game over: white wins (mate)
